// Vitest Snapshot v1

exports[`github event > format comment w/ subtitle 1`] = `
"**<a href=\\"https://delta.replay.io/project/dcb5df26/?branch=visuals21\\">Nothing changed</a>** **(Approved)**
"
`;

exports[`github event > format comments 1`] = `
"**<a href=\\"https://delta.replay.io/project/dcb5df26/?branch=visuals21\\">Nothing changed</a>** 
"
`;
