// Vitest Snapshot v1

exports[`uploadSnapshot > should upload a snapshot 1`] = `
{
  "action_changed": null,
  "action_id": "684b2d8d-2ed0-40c7-a2d0-2f351b38c60b",
  "changed": null,
  "file": "./playwright/visuals/dark/object-collapsed.png",
  "path": "dcb5df26-b418-4fe2-9bdf-5a838e604ec4/68e4dd6b357ac328ce5ee7d4f032d6828cc1de32a32a303d8e2aecbd04fede90.png",
  "primary_changed": true,
  "primary_diff_path": "dcb5df26-b418-4fe2-9bdf-5a838e604ec4/ec18c80d8e7d03673f333ead45b30bc06a769fa30168a8289f60fc55ceeb1c7b.png",
  "primary_num_pixels": null,
  "sha": "68e4dd6b357ac328ce5ee7d4f032d6828cc1de32a32a303d8e2aecbd04fede90",
  "status": "Duplicate",
}
`;
